Another instance of SwiftPM (PID: 32694) is already running using '/Users/dushibing/dev/LLMQuotaBar/.build', waiting until that process has finished execution...Building for debugging...
[0/7] Write sources
[1/7] Write swift-version--58304C5D6DBC2206.txt
[3/5] Compiling LLMQuotaCoreTests WorkHandoffTests.swift
[4/5] Emitting module LLMQuotaCoreTests
[4/6] Write Objects.LinkFileList
[5/6] Linking LLMQuotaBarPackageTests
Build complete! (5.25s)
Test Suite 'Selected tests' started at 2026-09-07 19:27:09.542.
Test Suite 'LLMQuotaBarPackageTests.xctest' started at 2026-09-07 19:27:09.547.
Test Suite 'GraphBranchPreserveTests' started at 2026-09-07 19:27:09.547.
Test Case '-[LLMQuotaCoreTests.GraphBranchPreserveTests testSecondStepDoesNotResetGraphBranch]' started.
Test Case '-[LLMQuotaCoreTests.GraphBranchPreserveTests testSecondStepDoesNotResetGraphBranch]' passed (5.265 seconds).
Test Suite 'GraphBranchPreserveTests' passed at 2026-09-07 19:27:14.812.
	 Executed 1 test, with 0 failures (0 unexpected) in 5.265 (5.265) seconds
Test Suite 'GraphWorktreeTests' started at 2026-09-07 19:27:14.812.
Test Case '-[LLMQuotaCoreTests.GraphWorktreeTests testCleanupRefusesToRemoveAnUnfinishedGraphWorktree]' started.
保留 agent/graph/g8：图还没跑完，删了会带走前面几步的提交
Test Case '-[LLMQuotaCoreTests.GraphWorktreeTests testCleanupRefusesToRemoveAnUnfinishedGraphWorktree]' passed (2.510 seconds).
Test Case '-[LLMQuotaCoreTests.GraphWorktreeTests testFailedTakeoverPreservesInheritedCommitsEvenWithoutNewFiles]' started.
Test Case '-[LLMQuotaCoreTests.GraphWorktreeTests testFailedTakeoverPreservesInheritedCommitsEvenWithoutNewFiles]' passed (0.001 seconds).
Test Case '-[LLMQuotaCoreTests.GraphWorktreeTests testPlainTaskKeepsPerTaskBranch]' started.
Test Case '-[LLMQuotaCoreTests.GraphWorktreeTests testPlainTaskKeepsPerTaskBranch]' passed (1.946 seconds).
Test Case '-[LLMQuotaCoreTests.GraphWorktreeTests testPlainTaskStartsFromTheExplicitHandoffBase]' started.
Test Case '-[LLMQuotaCoreTests.GraphWorktreeTests testPlainTaskStartsFromTheExplicitHandoffBase]' passed (3.596 seconds).
Test Case '-[LLMQuotaCoreTests.GraphWorktreeTests testSecondNodeReusesTheWorktreeAndSeesTheFirstCommit]' started.
Test Case '-[LLMQuotaCoreTests.GraphWorktreeTests testSecondNodeReusesTheWorktreeAndSeesTheFirstCommit]' passed (3.577 seconds).
Test Suite 'GraphWorktreeTests' passed at 2026-09-07 19:27:26.444.
	 Executed 5 tests, with 0 failures (0 unexpected) in 11.631 (11.632) seconds
Test Suite 'WorkAttemptSessionTests' started at 2026-09-07 19:27:26.444.
Test Case '-[LLMQuotaCoreTests.WorkAttemptSessionTests testLaterSuccessSupersedesOlderSessionFailure]' started.
Test Case '-[LLMQuotaCoreTests.WorkAttemptSessionTests testLaterSuccessSupersedesOlderSessionFailure]' passed (0.007 seconds).
Test Case '-[LLMQuotaCoreTests.WorkAttemptSessionTests testLatestSnapshotsDoesNotShowTerminalAttemptAsStillRunning]' started.
Test Case '-[LLMQuotaCoreTests.WorkAttemptSessionTests testLatestSnapshotsDoesNotShowTerminalAttemptAsStillRunning]' passed (0.002 seconds).
Test Case '-[LLMQuotaCoreTests.WorkAttemptSessionTests testRunningEventDoesNotHideLatestTerminalAttempt]' started.
Test Case '-[LLMQuotaCoreTests.WorkAttemptSessionTests testRunningEventDoesNotHideLatestTerminalAttempt]' passed (0.001 seconds).
Test Suite 'WorkAttemptSessionTests' passed at 2026-09-07 19:27:26.455.
	 Executed 3 tests, with 0 failures (0 unexpected) in 0.011 (0.011) seconds
Test Suite 'WorkHandoffTests' started at 2026-09-07 19:27:26.456.
Test Case '-[LLMQuotaCoreTests.WorkHandoffTests testAlreadyCurrentOrLeadingDestinationStillProtectsUnsavedWork]' started.
Test Case '-[LLMQuotaCoreTests.WorkHandoffTests testAlreadyCurrentOrLeadingDestinationStillProtectsUnsavedWork]' passed (5.271 seconds).
Test Case '-[LLMQuotaCoreTests.WorkHandoffTests testCheckedOutDirtyOrBusyDestinationIsNotChanged]' started.
Test Case '-[LLMQuotaCoreTests.WorkHandoffTests testCheckedOutDirtyOrBusyDestinationIsNotChanged]' passed (10.293 seconds).
Test Case '-[LLMQuotaCoreTests.WorkHandoffTests testCleanCommittedWorkIsHandedOffAndOldDestinationAdvances]' started.
Test Case '-[LLMQuotaCoreTests.WorkHandoffTests testCleanCommittedWorkIsHandedOffAndOldDestinationAdvances]' passed (6.355 seconds).
Test Case '-[LLMQuotaCoreTests.WorkHandoffTests testDivergedDestinationIsPreservedAndRefused]' started.
Test Case '-[LLMQuotaCoreTests.WorkHandoffTests testDivergedDestinationIsPreservedAndRefused]' passed (4.976 seconds).
Test Case '-[LLMQuotaCoreTests.WorkHandoffTests testFailedCheckpointDoesNotTransferOlderCommittedTree]' started.
Test Case '-[LLMQuotaCoreTests.WorkHandoffTests testFailedCheckpointDoesNotTransferOlderCommittedTree]' passed (3.879 seconds).
Test Case '-[LLMQuotaCoreTests.WorkHandoffTests testOldDestinationCannotSilentlyIgnoreNewSource]' started.
Test Case '-[LLMQuotaCoreTests.WorkHandoffTests testOldDestinationCannotSilentlyIgnoreNewSource]' passed (5.001 seconds).
Test Case '-[LLMQuotaCoreTests.WorkHandoffTests testUncommittedChangesAreSavedAndInvalidBaseIsRejected]' started.
Test Case '-[LLMQuotaCoreTests.WorkHandoffTests testUncommittedChangesAreSavedAndInvalidBaseIsRejected]' passed (4.438 seconds).
Test Suite 'WorkHandoffTests' passed at 2026-09-07 19:28:06.669.
	 Executed 7 tests, with 0 failures (0 unexpected) in 40.213 (40.214) seconds
Test Suite 'WorkspaceBusyTests' started at 2026-09-07 19:28:06.669.
Test Case '-[LLMQuotaCoreTests.WorkspaceBusyTests test_Xcode后台服务不算Agent占用]' started.
Test Case '-[LLMQuotaCoreTests.WorkspaceBusyTests test_Xcode后台服务不算Agent占用]' passed (0.003 seconds).
Test Case '-[LLMQuotaCoreTests.WorkspaceBusyTests test_切换复用工作区前_真实经过占用闸]' started.
Test Case '-[LLMQuotaCoreTests.WorkspaceBusyTests test_切换复用工作区前_真实经过占用闸]' passed (2.490 seconds).
Test Case '-[LLMQuotaCoreTests.WorkspaceBusyTests test_探针可注入_并且排除自己]' started.
Test Case '-[LLMQuotaCoreTests.WorkspaceBusyTests test_探针可注入_并且排除自己]' passed (0.001 seconds).
Test Case '-[LLMQuotaCoreTests.WorkspaceBusyTests test_有人占着时_错误里要点名进程]' started.
Test Case '-[LLMQuotaCoreTests.WorkspaceBusyTests test_有人占着时_错误里要点名进程]' passed (0.001 seconds).
Test Case '-[LLMQuotaCoreTests.WorkspaceBusyTests test_没人占着时_探针返回空]' started.
Test Case '-[LLMQuotaCoreTests.WorkspaceBusyTests test_没人占着时_探针返回空]' passed (0.000 seconds).
Test Suite 'WorkspaceBusyTests' passed at 2026-09-07 19:28:09.165.
	 Executed 5 tests, with 0 failures (0 unexpected) in 2.494 (2.496) seconds
Test Suite 'WorkspaceReuseTests' started at 2026-09-07 19:28:09.165.
Test Case '-[LLMQuotaCoreTests.WorkspaceReuseTests testStableKeyIsFilesystemSafe]' started.
Test Case '-[LLMQuotaCoreTests.WorkspaceReuseTests testStableKeyIsFilesystemSafe]' passed (1.661 seconds).
Test Case '-[LLMQuotaCoreTests.WorkspaceReuseTests testStableKeyIsPerRepoAndPlatform]' started.
Test Case '-[LLMQuotaCoreTests.WorkspaceReuseTests testStableKeyIsPerRepoAndPlatform]' passed (6.834 seconds).
Test Case '-[LLMQuotaCoreTests.WorkspaceReuseTests testTwoTasksShareDirectoryButGetOwnBranches]' started.
Test Case '-[LLMQuotaCoreTests.WorkspaceReuseTests testTwoTasksShareDirectoryButGetOwnBranches]' passed (9.506 seconds).
Test Suite 'WorkspaceReuseTests' passed at 2026-09-07 19:28:27.166.
	 Executed 3 tests, with 0 failures (0 unexpected) in 18.001 (18.001) seconds
Test Suite 'LLMQuotaBarPackageTests.xctest' passed at 2026-09-07 19:28:27.166.
	 Executed 24 tests, with 0 failures (0 unexpected) in 77.615 (77.619) seconds
Test Suite 'Selected tests' passed at 2026-09-07 19:28:27.166.
	 Executed 24 tests, with 0 failures (0 unexpected) in 77.615 (77.624) seconds
◇ Test run started.
↳ Testing Library Version: 1902
↳ Target Platform: arm64e-apple-macos14.0
✔ Test run with 0 tests in 0 suites passed after 0.001 seconds.
